[debug] [2025-12-06T07:09:35.341Z] ----------------------------------------------------------------------
[debug] [2025-12-06T07:09:35.343Z] Command:       C:\Program Files\nodejs\node.exe C:\Users\kumar\AppData\Roaming\npm\node_modules\firebase-tools\lib\bin\firebase.js deploy
[debug] [2025-12-06T07:09:35.344Z] CLI Version:   14.27.0
[debug] [2025-12-06T07:09:35.344Z] Platform:      win32
[debug] [2025-12-06T07:09:35.344Z] Node Version:  v25.2.1
[debug] [2025-12-06T07:09:35.344Z] Time:          Sat Dec 06 2025 12:39:35 GMT+0530 (India Standard Time)
[debug] [2025-12-06T07:09:35.344Z] ----------------------------------------------------------------------
[debug] 
[debug] [2025-12-06T07:09:35.574Z] > command requires scopes: ["email","openid","https://www.googleapis.com/auth/cloudplatformprojects.readonly","https://www.googleapis.com/auth/firebase","https://www.googleapis.com/auth/cloud-platform"]
[debug] [2025-12-06T07:09:35.575Z] > authorizing via signed-in user (suryamerugu2004@gmail.com)
[debug] [2025-12-06T07:09:35.575Z] [iam] checking project certopro-3f806 for permissions ["firebase.projects.get","firebasehosting.sites.update"]
[debug] [2025-12-06T07:09:35.576Z] Checked if tokens are valid: true, expires at: 1765007376653
[debug] [2025-12-06T07:09:35.577Z] Checked if tokens are valid: true, expires at: 1765007376653
[debug] [2025-12-06T07:09:35.578Z] >>> [apiv2][query] POST https://cloudresourcemanager.googleapis.com/v1/projects/certopro-3f806:testIamPermissions [none]
[debug] [2025-12-06T07:09:35.578Z] >>> [apiv2][(partial)header] POST https://cloudresourcemanager.googleapis.com/v1/projects/certopro-3f806:testIamPermissions x-goog-quota-user=projects/certopro-3f806
[debug] [2025-12-06T07:09:35.578Z] >>> [apiv2][body] POST https://cloudresourcemanager.googleapis.com/v1/projects/certopro-3f806:testIamPermissions {"permissions":["firebase.projects.get","firebasehosting.sites.update"]}
[debug] [2025-12-06T07:09:39.658Z] <<< [apiv2][status] POST https://cloudresourcemanager.googleapis.com/v1/projects/certopro-3f806:testIamPermissions 401
[debug] [2025-12-06T07:09:39.658Z] <<< [apiv2][body] POST https://cloudresourcemanager.googleapis.com/v1/projects/certopro-3f806:testIamPermissions {"error":{"code":401,"message":"Request had invalid authentication credentials. Expected OAuth 2 access token, login cookie or other valid authentication credential. See https://developers.google.com/identity/sign-in/web/devconsole-project.","status":"UNAUTHENTICATED","details":[{"@type":"type.googleapis.com/google.rpc.ErrorInfo","reason":"ACCESS_TOKEN_TYPE_UNSUPPORTED","metadata":{"method":"google.cloudresourcemanager.v1.Projects.TestIamPermissions","service":"cloudresourcemanager.googleapis.com"}}]}}
[debug] [2025-12-06T07:09:39.658Z] Got a 401 Unauthenticated error for a call that required authentication. Refreshing tokens.
[debug] [2025-12-06T07:09:39.659Z] Checked if tokens are valid: true, expires at: 1765007376653
[debug] [2025-12-06T07:09:39.659Z] Checked if tokens are valid: true, expires at: 1765007376653
[debug] [2025-12-06T07:09:39.660Z] [iam] error while checking permissions, command may fail: Request to https://cloudresourcemanager.googleapis.com/v1/projects/certopro-3f806:testIamPermissions had HTTP Error: 401, Request had invalid authentication credentials. Expected OAuth 2 access token, login cookie or other valid authentication credential. See https://developers.google.com/identity/sign-in/web/devconsole-project.
[debug] [2025-12-06T07:09:39.662Z] Checked if tokens are valid: true, expires at: 1765007376653
[debug] [2025-12-06T07:09:39.662Z] >>> [apiv2][query] GET https://firebase.googleapis.com/v1beta1/projects/certopro-3f806 [none]
[debug] [2025-12-06T07:09:40.450Z] <<< [apiv2][status] GET https://firebase.googleapis.com/v1beta1/projects/certopro-3f806 401
[debug] [2025-12-06T07:09:40.451Z] <<< [apiv2][body] GET https://firebase.googleapis.com/v1beta1/projects/certopro-3f806 {"error":{"code":401,"message":"Request had invalid authentication credentials. Expected OAuth 2 access token, login cookie or other valid authentication credential. See https://developers.google.com/identity/sign-in/web/devconsole-project.","status":"UNAUTHENTICATED"}}
[debug] [2025-12-06T07:09:40.451Z] Got a 401 Unauthenticated error for a call that required authentication. Refreshing tokens.
[debug] [2025-12-06T07:09:40.451Z] Checked if tokens are valid: true, expires at: 1765007376653
[debug] [2025-12-06T07:09:40.451Z] Checked if tokens are valid: true, expires at: 1765007376653
[debug] [2025-12-06T07:09:40.451Z] Request to https://firebase.googleapis.com/v1beta1/projects/certopro-3f806 had HTTP Error: 401, Request had invalid authentication credentials. Expected OAuth 2 access token, login cookie or other valid authentication credential. See https://developers.google.com/identity/sign-in/web/devconsole-project.
[error] 
[error] Error: Assertion failed: resolving hosting target of a site with no site name or target name. This should have caused an error earlier
[debug] [2025-12-06T07:10:01.445Z] ----------------------------------------------------------------------
[debug] [2025-12-06T07:10:01.448Z] Command:       C:\Program Files\nodejs\node.exe C:\Users\kumar\AppData\Roaming\npm\node_modules\firebase-tools\lib\bin\firebase.js init
[debug] [2025-12-06T07:10:01.448Z] CLI Version:   14.27.0
[debug] [2025-12-06T07:10:01.449Z] Platform:      win32
[debug] [2025-12-06T07:10:01.449Z] Node Version:  v25.2.1
[debug] [2025-12-06T07:10:01.449Z] Time:          Sat Dec 06 2025 12:40:01 GMT+0530 (India Standard Time)
[debug] [2025-12-06T07:10:01.449Z] ----------------------------------------------------------------------
[debug] 
[info] 
     ######## #### ########  ######## ########     ###     ######  ########
     ##        ##  ##     ## ##       ##     ##  ##   ##  ##       ##
     ######    ##  ########  ######   ########  #########  ######  ######
     ##        ##  ##    ##  ##       ##     ## ##     ##       ## ##
     ##       #### ##     ## ######## ########  ##     ##  ######  ########

You're about to initialize a Firebase project in this directory:

  C:\Users\kumar\OneDrive\Desktop\DAY1\certo

Before we get started, keep in mind:

  * You are initializing within an existing Firebase project directory

[info] 
=== Project Setup
[info] 
[info] First, let's associate this project directory with a Firebase project.
[info] You can create multiple project aliases by running firebase use --add, 
[info] 
[debug] [2025-12-06T07:10:12.497Z] > command requires scopes: ["email","openid","https://www.googleapis.com/auth/cloudplatformprojects.readonly","https://www.googleapis.com/auth/firebase","https://www.googleapis.com/auth/cloud-platform"]
[debug] [2025-12-06T07:10:12.497Z] > authorizing via signed-in user (suryamerugu2004@gmail.com)
[debug] [2025-12-06T07:10:12.499Z] Checked if tokens are valid: true, expires at: 1765007376653
[debug] [2025-12-06T07:10:12.500Z] Checked if tokens are valid: true, expires at: 1765007376653
[debug] [2025-12-06T07:10:12.503Z] >>> [apiv2][query] GET https://firebase.googleapis.com/v1beta1/projects/certopro-3f806 [none]
[debug] [2025-12-06T07:10:13.311Z] <<< [apiv2][status] GET https://firebase.googleapis.com/v1beta1/projects/certopro-3f806 401
[debug] [2025-12-06T07:10:13.312Z] <<< [apiv2][body] GET https://firebase.googleapis.com/v1beta1/projects/certopro-3f806 {"error":{"code":401,"message":"Request had invalid authentication credentials. Expected OAuth 2 access token, login cookie or other valid authentication credential. See https://developers.google.com/identity/sign-in/web/devconsole-project.","status":"UNAUTHENTICATED"}}
[debug] [2025-12-06T07:10:13.312Z] Got a 401 Unauthenticated error for a call that required authentication. Refreshing tokens.
[debug] [2025-12-06T07:10:13.312Z] Checked if tokens are valid: true, expires at: 1765007376653
[debug] [2025-12-06T07:10:13.312Z] Checked if tokens are valid: true, expires at: 1765007376653
[debug] [2025-12-06T07:10:13.314Z] Request to https://firebase.googleapis.com/v1beta1/projects/certopro-3f806 had HTTP Error: 401, Request had invalid authentication credentials. Expected OAuth 2 access token, login cookie or other valid authentication credential. See https://developers.google.com/identity/sign-in/web/devconsole-project.
[debug] [2025-12-06T07:10:14.060Z] FirebaseError: Request to https://firebase.googleapis.com/v1beta1/projects/certopro-3f806 had HTTP Error: 401, Request had invalid authentication credentials. Expected OAuth 2 access token, login cookie or other valid authentication credential. See https://developers.google.com/identity/sign-in/web/devconsole-project.
    at responseToError (C:\Users\kumar\AppData\Roaming\npm\node_modules\firebase-tools\lib\responseToError.js:53:12)
    at RetryOperation._fn (C:\Users\kumar\AppData\Roaming\npm\node_modules\firebase-tools\lib\apiv2.js:322:77)
    at process.processTicksAndRejections (node:internal/process/task_queues:103:5)
[error] 
[error] Error: Failed to get Firebase project certopro-3f806. Please make sure the project exists and your account has permission to access it.
[debug] [2025-12-06T07:10:33.023Z] ----------------------------------------------------------------------
[debug] [2025-12-06T07:10:33.027Z] Command:       C:\Program Files\nodejs\node.exe C:\Users\kumar\AppData\Roaming\npm\node_modules\firebase-tools\lib\bin\firebase.js deploy
[debug] [2025-12-06T07:10:33.027Z] CLI Version:   14.27.0
[debug] [2025-12-06T07:10:33.028Z] Platform:      win32
[debug] [2025-12-06T07:10:33.028Z] Node Version:  v25.2.1
[debug] [2025-12-06T07:10:33.028Z] Time:          Sat Dec 06 2025 12:40:33 GMT+0530 (India Standard Time)
[debug] [2025-12-06T07:10:33.028Z] ----------------------------------------------------------------------
[debug] 
[debug] [2025-12-06T07:10:33.256Z] > command requires scopes: ["email","openid","https://www.googleapis.com/auth/cloudplatformprojects.readonly","https://www.googleapis.com/auth/firebase","https://www.googleapis.com/auth/cloud-platform"]
[debug] [2025-12-06T07:10:33.256Z] > authorizing via signed-in user (suryamerugu2004@gmail.com)
[debug] [2025-12-06T07:10:33.256Z] [iam] checking project certopro-3f806 for permissions ["firebase.projects.get","firebasehosting.sites.update"]
[debug] [2025-12-06T07:10:33.258Z] Checked if tokens are valid: true, expires at: 1765007376653
[debug] [2025-12-06T07:10:33.258Z] Checked if tokens are valid: true, expires at: 1765007376653
[debug] [2025-12-06T07:10:33.259Z] >>> [apiv2][query] POST https://cloudresourcemanager.googleapis.com/v1/projects/certopro-3f806:testIamPermissions [none]
[debug] [2025-12-06T07:10:33.259Z] >>> [apiv2][(partial)header] POST https://cloudresourcemanager.googleapis.com/v1/projects/certopro-3f806:testIamPermissions x-goog-quota-user=projects/certopro-3f806
[debug] [2025-12-06T07:10:33.259Z] >>> [apiv2][body] POST https://cloudresourcemanager.googleapis.com/v1/projects/certopro-3f806:testIamPermissions {"permissions":["firebase.projects.get","firebasehosting.sites.update"]}
[debug] [2025-12-06T07:10:34.625Z] <<< [apiv2][status] POST https://cloudresourcemanager.googleapis.com/v1/projects/certopro-3f806:testIamPermissions 401
[debug] [2025-12-06T07:10:34.625Z] <<< [apiv2][body] POST https://cloudresourcemanager.googleapis.com/v1/projects/certopro-3f806:testIamPermissions {"error":{"code":401,"message":"Request had invalid authentication credentials. Expected OAuth 2 access token, login cookie or other valid authentication credential. See https://developers.google.com/identity/sign-in/web/devconsole-project.","status":"UNAUTHENTICATED","details":[{"@type":"type.googleapis.com/google.rpc.ErrorInfo","reason":"ACCESS_TOKEN_TYPE_UNSUPPORTED","metadata":{"method":"google.cloudresourcemanager.v1.Projects.TestIamPermissions","service":"cloudresourcemanager.googleapis.com"}}]}}
[debug] [2025-12-06T07:10:34.625Z] Got a 401 Unauthenticated error for a call that required authentication. Refreshing tokens.
[debug] [2025-12-06T07:10:34.625Z] Checked if tokens are valid: true, expires at: 1765007376653
[debug] [2025-12-06T07:10:34.625Z] Checked if tokens are valid: true, expires at: 1765007376653
[debug] [2025-12-06T07:10:34.626Z] [iam] error while checking permissions, command may fail: Request to https://cloudresourcemanager.googleapis.com/v1/projects/certopro-3f806:testIamPermissions had HTTP Error: 401, Request had invalid authentication credentials. Expected OAuth 2 access token, login cookie or other valid authentication credential. See https://developers.google.com/identity/sign-in/web/devconsole-project.
[debug] [2025-12-06T07:10:34.627Z] Checked if tokens are valid: true, expires at: 1765007376653
[debug] [2025-12-06T07:10:34.627Z] >>> [apiv2][query] GET https://firebase.googleapis.com/v1beta1/projects/certopro-3f806 [none]
[debug] [2025-12-06T07:10:34.941Z] <<< [apiv2][status] GET https://firebase.googleapis.com/v1beta1/projects/certopro-3f806 401
[debug] [2025-12-06T07:10:34.942Z] <<< [apiv2][body] GET https://firebase.googleapis.com/v1beta1/projects/certopro-3f806 {"error":{"code":401,"message":"Request had invalid authentication credentials. Expected OAuth 2 access token, login cookie or other valid authentication credential. See https://developers.google.com/identity/sign-in/web/devconsole-project.","status":"UNAUTHENTICATED"}}
[debug] [2025-12-06T07:10:34.942Z] Got a 401 Unauthenticated error for a call that required authentication. Refreshing tokens.
[debug] [2025-12-06T07:10:34.942Z] Checked if tokens are valid: true, expires at: 1765007376653
[debug] [2025-12-06T07:10:34.942Z] Checked if tokens are valid: true, expires at: 1765007376653
[debug] [2025-12-06T07:10:34.942Z] Request to https://firebase.googleapis.com/v1beta1/projects/certopro-3f806 had HTTP Error: 401, Request had invalid authentication credentials. Expected OAuth 2 access token, login cookie or other valid authentication credential. See https://developers.google.com/identity/sign-in/web/devconsole-project.
[error] 
[error] Error: Assertion failed: resolving hosting target of a site with no site name or target name. This should have caused an error earlier
